C51 COMPILER V9.54   MY_INTERRUPT                                                          06/21/2025 22:47:29 PAGE 1   


C51 COMPILER V9.54, COMPILATION OF MODULE MY_INTERRUPT
OBJECT MODULE PLACED IN .\Objects\my_interrupt.obj
COMPILER INVOKED BY: D:\Keil5\C51\BIN\C51.EXE my_interrupt.c OPTIMIZE(8,SPEED) BROWSE DEBUG OBJECTEXTEND PRINT(.\Listing
                    -s\my_interrupt.lst) OBJECT(.\Objects\my_interrupt.obj)

line level    source

   1          #include <REGX52.H>        // STC89C52单片机寄存器定义头文件
   2          #include "my_interrupt.h"  // 中断初始化函数声明
   3          
   4          /**
   5           * @brief  中断及定时器初始化函数
   6           * @note   配置定时器0、定时器2、外部中断1及中断优先级
   7           */
   8          void Interrupt_Init(void) {
   9   1          // ===== 定时器 T0 配置 =====
  10   1          TMOD &= 0xF0;      // 清除定时器0模式位
  11   1          TMOD |= 0x01;      // 设置定时器0为模式1（16位定时）
  12   1          TL0 = 0x00;        // 设置定时初值
  13   1          TH0 = 0xB8;        // 设置定时初值
  14   1          TF0 = 0;           // 清除TF0标志
  15   1          TR0 = 1;           // 启动定时器0
  16   1          ET0 = 1;           // 允许定时器0中断
  17   1      
  18   1          // ===== 定时器 T2 配置 =====
  19   1          T2MOD = 0;         // 初始化T2模式寄存器
  20   1          T2CON = 0;         // 初始化T2控制寄存器
  21   1          TL2 = 0x8F;        // 设置定时初值
  22   1          TH2 = 0xFE;        // 设置定时初值
  23   1          RCAP2L = 0x8F;     // 设置定时重载值
  24   1          RCAP2H = 0xFE;     // 设置定时重载值
  25   1          TR2 = 0;           // 定时器2不启动
  26   1          ET2 = 1;           // 允许定时器2中断
  27   1      
  28   1          // ===== 外部中断 INT1 配置（下降沿触发） =====
  29   1          IT1 = 1;           // INT1设置为下降沿触发
  30   1          EX1 = 1;           // 允许外部中断1
  31   1      
  32   1          // ===== 中断优先级配置 =====
  33   1          PT2 = 1;           // 定时器2设为高优先级
  34   1          PT0 = 0;           // 定时器0设为普通优先级
  35   1          PX1 = 1;           // INT1设为高优先级
  36   1          EA  = 1;           // 开启总中断
  37   1      }
  38          


MODULE INFORMATION:   STATIC OVERLAYABLE
   CODE SIZE        =     51    ----
   CONSTANT SIZE    =   ----    ----
   XDATA SIZE       =   ----    ----
   PDATA SIZE       =   ----    ----
   DATA SIZE        =   ----    ----
   IDATA SIZE       =   ----    ----
   BIT SIZE         =   ----    ----
END OF MODULE INFORMATION.


C51 COMPILATION COMPLETE.  0 WARNING(S),  0 ERROR(S)
