C51 COMPILER V9.54   OLED_SHOW                                                             06/21/2025 22:47:29 PAGE 1   


C51 COMPILER V9.54, COMPILATION OF MODULE OLED_SHOW
OBJECT MODULE PLACED IN .\Objects\OLED_show.obj
COMPILER INVOKED BY: D:\Keil5\C51\BIN\C51.EXE OLED_show.c OPTIMIZE(8,SPEED) BROWSE DEBUG OBJECTEXTEND PRINT(.\Listings\O
                    -LED_show.lst) OBJECT(.\Objects\OLED_show.obj)

line level    source

   1          #include <REGX52.H> // STC89C52单片机寄存器定义头文件
   2          #include "OLED_show.h" // OLED显示界面相关声明
   3          #include "OLED.h"      // OLED底层驱动声明
   4          
   5          // ===================== 全局变量定义 =====================
   6          
   7          uint8_t  Oled_line_num;        // 当前选中的行号（0~3）
   8          uint8_t  Oled_host_flag;       // 主界面刷新标志位，1表示需要刷新主界面
   9          uint8_t  Oled_num_show_flag;   // 当前行数据更新标志位，1表示需要刷新当前行数值
  10          uint8_t  Oled_set_flag[4];     // 设置标志数组，0:未设置，1:设置频率，2:设置占空比
  11          uint16_t Oled_fre[4];          // 各通道当前频率值
  12          uint8_t  Oled_duty_cycle[4];   // 各通道当前占空比值
  13          char*    Oled_line[4];         // OLED每行显示的字符串指针
  14          
  15          /**
  16           * @brief  OLED界面变量初始化，设置默认频率、占空比及显示模板
  17           * @note   初始化后，主界面刷新标志位置1，选中第0行
  18           */
  19          void oled_show_init(void){
  20   1          Oled_line_num=0;       // 默认选中第0行
  21   1          Oled_host_flag=1;      // 进入主界面
  22   1          Oled_set_flag[0]=0;
  23   1          Oled_set_flag[1]=0;
  24   1          Oled_set_flag[2]=0;
  25   1          Oled_set_flag[3]=0;
  26   1          Oled_fre[0]=10;        // 各通道默认频率
  27   1          Oled_fre[1]=20;
  28   1          Oled_fre[2]=30;
  29   1          Oled_fre[3]=40;
  30   1          Oled_duty_cycle[0]=10; // 各通道默认占空比
  31   1          Oled_duty_cycle[1]=20;
  32   1          Oled_duty_cycle[2]=30;
  33   1          Oled_duty_cycle[3]=40;
  34   1          Oled_line[0]="fre1:     HZ   %"; // 每行显示模板
  35   1          Oled_line[1]="fre2:     HZ   %";
  36   1          Oled_line[2]="fre3:     HZ   %";
  37   1          Oled_line[3]="fre4:     HZ   %";
  38   1      }
  39          
  40          /**
  41           * @brief  OLED主界面显示函数，刷新所有行的内容
  42           * @note   当前选中行高亮（反色）显示，其他行正常显示
  43           */
  44          void oled_show(void){
  45   1          uint8_t i=0;
  46   1          while(i<4){
  47   2              if(i==Oled_line_num){ // 当前选中行高亮显示
  48   3                  OLED_show_string(Line(i),Column(0),Oled_line[i],0); // 反色显示
  49   3                  OLED_show_num(Line(i),Column(6),Oled_fre[i],3,0);   // 频率反色
  50   3                  OLED_show_num(Line(i),Column(13),Oled_duty_cycle[i],2,0); // 占空比反色
  51   3              }else{ // 其他行正常显示
  52   3                  OLED_show_string(Line(i),0,Oled_line[i],1);    // 正常显示
  53   3                  OLED_show_num(Line(i),Column(6),Oled_fre[i],3,1);
  54   3                  OLED_show_num(Line(i),Column(13),Oled_duty_cycle[i],2,1);
C51 COMPILER V9.54   OLED_SHOW                                                             06/21/2025 22:47:29 PAGE 2   

  55   3              }
  56   2              i++;
  57   2          }
  58   1      }
  59          
  60          /**
  61           * @brief  OLED当前选中行数值刷新函数，仅刷新当前行的频率和占空比
  62           */
  63          void oled_num_show(void){
  64   1          OLED_show_num(Line(Oled_line_num),Column(6),Oled_fre[Oled_line_num],3,0); // 刷新频率
  65   1          OLED_show_num(Line(Oled_line_num),Column(13),Oled_duty_cycle[Oled_line_num],2,0); // 刷新占空比
  66   1      }


MODULE INFORMATION:   STATIC OVERLAYABLE
   CODE SIZE        =    386    ----
   CONSTANT SIZE    =     68    ----
   XDATA SIZE       =   ----    ----
   PDATA SIZE       =   ----    ----
   DATA SIZE        =     31       1
   IDATA SIZE       =   ----    ----
   BIT SIZE         =   ----    ----
END OF MODULE INFORMATION.


C51 COMPILATION COMPLETE.  0 WARNING(S),  0 ERROR(S)
